.next/dev/types/validator.ts(216,31): error TS2344: Type 'typeof import("D:/PlayGround/ecommerce-temp-one/src/app/api/categories/[id]/route")' does not satisfy the constraint 'RouteHandlerConfig<"/api/categories/[id]">'.
  Types of property 'GET' are incompatible.
    Type '(request: Request, { params }: { params: { id: string; }; }) => Promise<NextResponse<{ error: string; }> | NextResponse<{ _count: { products: number; }; } & { id: string; name: string; createdAt: Date; ... 5 more ...; metaDescription: string | null; }>>' is not assignable to type '(request: NextRequest, context: { params: Promise<{ id: string; }>; }) => void | Response | Promise<void | Response>'.
      Types of parameters '__1' and 'context' are incompatible.
        Type '{ params: Promise<{ id: string; }>; }' is not assignable to type '{ params: { id: string; }; }'.
          Types of property 'params' are incompatible.
            Property 'id' is missing in type 'Promise<{ id: string; }>' but required in type '{ id: string; }'.
.next/dev/types/validator.ts(234,31): error TS2344: Type 'typeof import("D:/PlayGround/ecommerce-temp-one/src/app/api/orders/[id]/route")' does not satisfy the constraint 'RouteHandlerConfig<"/api/orders/[id]">'.
  Types of property 'GET' are incompatible.
    Type '(request: Request, { params }: { params: { id: string; }; }) => Promise<NextResponse<{ error: string; }> | NextResponse<{ user: { email: string; id: string; name: string; role: string; password: string; createdAt: Date; updatedAt: Date; } | null; orderItems: ({ ...; } & { ...; })[]; } & { ...; }>>' is not assignable to type '(request: NextRequest, context: { params: Promise<{ id: string; }>; }) => void | Response | Promise<void | Response>'.
      Types of parameters '__1' and 'context' are incompatible.
        Type '{ params: Promise<{ id: string; }>; }' is not assignable to type '{ params: { id: string; }; }'.
          Types of property 'params' are incompatible.
            Property 'id' is missing in type 'Promise<{ id: string; }>' but required in type '{ id: string; }'.
.next/dev/types/validator.ts(252,31): error TS2344: Type 'typeof import("D:/PlayGround/ecommerce-temp-one/src/app/api/products/[id]/route")' does not satisfy the constraint 'RouteHandlerConfig<"/api/products/[id]">'.
  Types of property 'GET' are incompatible.
    Type '(request: Request, { params }: { params: { id: string; }; }) => Promise<NextResponse<{ error: string; }> | NextResponse<{ category: { id: string; name: string; createdAt: Date; updatedAt: Date; ... 4 more ...; metaDescription: string | null; }; } & { ...; }>>' is not assignable to type '(request: NextRequest, context: { params: Promise<{ id: string; }>; }) => void | Response | Promise<void | Response>'.
      Types of parameters '__1' and 'context' are incompatible.
        Type '{ params: Promise<{ id: string; }>; }' is not assignable to type '{ params: { id: string; }; }'.
          Types of property 'params' are incompatible.
            Property 'id' is missing in type 'Promise<{ id: string; }>' but required in type '{ id: string; }'.
.next/types/validator.ts(216,31): error TS2344: Type 'typeof import("D:/PlayGround/ecommerce-temp-one/src/app/api/categories/[id]/route")' does not satisfy the constraint 'RouteHandlerConfig<"/api/categories/[id]">'.
  Types of property 'GET' are incompatible.
    Type '(request: Request, { params }: { params: { id: string; }; }) => Promise<NextResponse<{ error: string; }> | NextResponse<{ _count: { products: number; }; } & { id: string; name: string; createdAt: Date; ... 5 more ...; metaDescription: string | null; }>>' is not assignable to type '(request: NextRequest, context: { params: Promise<{ id: string; }>; }) => void | Response | Promise<void | Response>'.
      Types of parameters '__1' and 'context' are incompatible.
        Type '{ params: Promise<{ id: string; }>; }' is not assignable to type '{ params: { id: string; }; }'.
          Types of property 'params' are incompatible.
            Property 'id' is missing in type 'Promise<{ id: string; }>' but required in type '{ id: string; }'.
.next/types/validator.ts(234,31): error TS2344: Type 'typeof import("D:/PlayGround/ecommerce-temp-one/src/app/api/orders/[id]/route")' does not satisfy the constraint 'RouteHandlerConfig<"/api/orders/[id]">'.
  Types of property 'GET' are incompatible.
    Type '(request: Request, { params }: { params: { id: string; }; }) => Promise<NextResponse<{ error: string; }> | NextResponse<{ user: { email: string; id: string; name: string; role: string; password: string; createdAt: Date; updatedAt: Date; } | null; orderItems: ({ ...; } & { ...; })[]; } & { ...; }>>' is not assignable to type '(request: NextRequest, context: { params: Promise<{ id: string; }>; }) => void | Response | Promise<void | Response>'.
      Types of parameters '__1' and 'context' are incompatible.
        Type '{ params: Promise<{ id: string; }>; }' is not assignable to type '{ params: { id: string; }; }'.
          Types of property 'params' are incompatible.
            Property 'id' is missing in type 'Promise<{ id: string; }>' but required in type '{ id: string; }'.
.next/types/validator.ts(252,31): error TS2344: Type 'typeof import("D:/PlayGround/ecommerce-temp-one/src/app/api/products/[id]/route")' does not satisfy the constraint 'RouteHandlerConfig<"/api/products/[id]">'.
  Types of property 'GET' are incompatible.
    Type '(request: Request, { params }: { params: { id: string; }; }) => Promise<NextResponse<{ error: string; }> | NextResponse<{ category: { id: string; name: string; createdAt: Date; updatedAt: Date; ... 4 more ...; metaDescription: string | null; }; } & { ...; }>>' is not assignable to type '(request: NextRequest, context: { params: Promise<{ id: string; }>; }) => void | Response | Promise<void | Response>'.
      Types of parameters '__1' and 'context' are incompatible.
        Type '{ params: Promise<{ id: string; }>; }' is not assignable to type '{ params: { id: string; }; }'.
          Types of property 'params' are incompatible.
            Property 'id' is missing in type 'Promise<{ id: string; }>' but required in type '{ id: string; }'.
prisma.config.ts(4,30): error TS2307: Cannot find module 'prisma/config' or its corresponding type declarations.
